dev\leavesantiillegal\Metrics$SimplePie.class
dev\leavesantiillegal\scanner\OfflinePlayerDataScanner$PlayerDataRoot.class
dev\leavesantiillegal\scanner\OfflinePlayerDataScanner$PlayerDataFile.class
dev\leavesantiillegal\ItemChecker.class
dev\leavesantiillegal\Metrics$MultiLineChart.class
dev\leavesantiillegal\scanner\LoadedContainerScanner$ChunkRef.class
dev\leavesantiillegal\LeavesAntiIllegalPlugin.class
dev\leavesantiillegal\Metrics$JsonObjectBuilder.class
dev\leavesantiillegal\Metrics$DrilldownPie.class
dev\leavesantiillegal\Metrics$AdvancedBarChart.class
dev\leavesantiillegal\ItemChecker$CheckResult.class
dev\leavesantiillegal\scanner\LoadedContainerScanner.class
dev\leavesantiillegal\Metrics$MetricsBase.class
dev\leavesantiillegal\Metrics$SingleLineChart.class
dev\leavesantiillegal\ItemChecker$ViolationHandler.class
dev\leavesantiillegal\command\AntiIllegalCommand.class
dev\leavesantiillegal\Metrics$SimpleBarChart.class
dev\leavesantiillegal\Metrics$JsonObjectBuilder$JsonObject.class
dev\leavesantiillegal\scanner\NbtItemChecker.class
dev\leavesantiillegal\Metrics$AdvancedPie.class
dev\leavesantiillegal\Metrics.class
dev\leavesantiillegal\listener\PlayerListener.class
dev\leavesantiillegal\scanner\NbtItemChecker$NbtViolation.class
dev\leavesantiillegal\Metrics$CustomChart.class
dev\leavesantiillegal\listener\InventoryListener.class
dev\leavesantiillegal\scanner\OfflinePlayerDataScanner.class
